======================================================================
PLAYWRIGHT + CI FILTER — FUNNEL SUMMARY
======================================================================
Loaded repositories                             1145
Cloned / present on disk                        1126
Playwright detected                              291
Playwright + has workflows                       150
Included (CI verified passing)                    26
======================================================================

DROPPED: Playwright not detected (854):
  - 0x100/cucumber-auto-tests
  - 10ravikumar/serenity-cucumber
  - 1992Prince/Cucumber-TS
  - 7ep/demo
  - AZANIR/cypress-cucumber
  - Abdujilil/ZeroBank
  - Accenture/bdd-for-all
  - AdrienZianne/calculator-cucumber-2025
  - AlexGalichenko/cucumber-e2e-boilerplate
  - AndreyMelnichenko/cy-ts-cucumber
  - AndyLPK247/cucumber-jvm-java-example
  - AndyLPK247/cucumber-jvm-java8-example
  - AnubhavQA/CucumberExample
  - AppiumTestDistribution/AppiumTestDistribution
  - Arc-E-Tect/arc-e-tect_phonebook
  - Arc-E-Tect/hellocucumber
  - Argannor/libGDX-with-cucumber
  - Arjun-Ar91/Wdio7-appium-cucumber
  - ArjunYalapalli/LumaCucumberBDD
  - AshisRaj/bdd-with-cucumber-selenium
  - AykutSaglamaz/cucumber2023
  - AzimKorkmaz/ParaBankProject_Cucumber
  - B-35-36/cucumber-framework
  - B-IANSON/selenium-cucumber-docker-seleniumgrid
  - BalamiRR/QA-Testinium
  - BarathArivazhagan/cucumber-spring-integration
  - Belemir/SeleniumWithCucumber
  - BernaGokce/cucumber-java-appium-boilerplate
  - Bivis-s/EDU-AQA-Qase
  - Book-Microservices-v2/cucumber-tests
  - Bora-CS/batch9-cucumber-framework
  - BrowserStackCE/browserstack-examples-cucumber-testng
  - BrowserStackCE/browserstack-examples-cucumber-webdriverio
  - CapgeminiNorway/learnmake-cucumber-selenium
  - Catena-Media/Dtective
  - ChristianAA/selenium-springboot-example
  - ClearPointNZ/connect-java-cucumber
  - Clutcha/EspressoCucumber
  - CodingDojoPolytech/cucumber-mockito-shakespeare
  - Comcast/zucchini
  - CourseRepository/SeleniumWebdriverWithCucumber
  - CraftOfProgramming/CucumberWithJavaFullCourse
  - CrazyDevo/cucumber-bdd-junit
  - CrazyDevo/cucumber-junit-bdd
  - CrazyDevo/cydeo-cucumber-junit-project-last
  - CundullahT-CT/cucumber-logging-project
  - Cybertek-Archives/simple-cucumber-demo
  - Cybertek-B12/summer-2019-local-cucumber-selenium
  - Cybertek-B12/summer-2019-online-cucumber-rest-assured
  - Cybertek-B15Local/CucumberWebOrdersFall2019
  - Cybertek-B15Local/b15-cucumber-junit-automated-tests
  - Cybertek-B15Local/fall-2019-va-cucumber-project
  - Cybertek-EU4/EU4CucumberSelenium
  - Cybertek-EU5/CucumberReview
  - Cybertek-Mentors/syslibrary-cucumber-framework
  - CybertekSchool/bootcamp2020cucumberproejct
  - Cydeo-Alumni/SDETFastTrackCucumber
  - Cydeo-EU10/EU10-CucumberJunit
  - Cydeo-EU10/Eu10CucumberReview
  - Cydeo-EU8/cydeo-cucumber-junit-EU8
  - Cydeo-EU9/EU9-CucumberJunit
  - Cydeo-EU9/EU9_Cucumber_Review
  - Cydeo-SDET-EU011/EU11-CucumberJunit
  - DIGI-UW/openelis-qaframework
  - DanielDelimata/sample-typescript-cucumberjs-selenium
  - DaoVanHai1809/cucumber_test_setup
  - DeMarkAnalytics/selenium-cucumber-ts
  - DespotMagic/cucumber-selenium-autotests
  - DevAdriam/nest_bdd_boilerplate
  - DiegoEvangeliste/DemoJavaCucumberSelenium
  - Dintero/docker-cucumber
  - DrWalrus1/Cucumberjs-debugger
  - Duduosun/bdd_cucumber_rest_java
  - Eainde/spring-cucumber-bdd
  - Ellisande/step-forge
  - EmilyPapa/Cucumber-Selenium.js
  - Estafet-LTD/estafet-qapractices-examples
  - EuroTech-SDET3/B3_BDD_CucumberSelenium_Rvw
  - Evangard/Cucumber_project
  - FY-test-org/nightwatch-cucumber
  - FanaticalTest/ft-test-mobile-factory-demo
  - Faruq2014/SalesForceWithCucumber
  - FortechRomania/android-ios-cucumber-example
  - Frameworkium/frameworkium-bdd
  - FurkanDzgn/CucumberBatch4
  - GOKSEL2022/ManagementSchoolCucumber
  - GabrielleYnara/BotaniQ-Backend
  - GallifreyanCode/cucumber-jvm-examples
  - GianniGiglio/serenity-cucumber-threaded
  - Gisele-Mara/Cucumber
  - GolfWC/API_Automation_Restassured_Cucumber_junit
  - Guilherme-07062002/cucumber-sample
  - GuvanchH/VyTrackAutomation_Cucumber
  - HammadArshd/cucable-cucumber-picocontainer-example-project
  - HarshaSri-Sameera/SeleniumCucumber_Java
  - Hassancxpm/cucumber7-ts
  - HemantPatilQA/CucumberTestNGParallel
  - HugoHe24/OnlineStore
  - IoanaBdn/testingAppRN
  - JagatheshwaranN/CucumberBDD-Test-Framework
  - Java-Techie-jt/bdd-example
  - Javateappl/SpringBoot-Cucumber
  - Jeaninev/cucumber-dressing
  - Jeredriq/CucumberWithTestFX
  - JosKavi33/test-automation-sjc
  - LSJ9600/CucumberBatch14
  - LSJ9600/CucumberReview
  - LambdaTest/Cucumber-TestNG-Selenium
  - LambdaTest/WebdriverIO-Cucumber-HyperExecute-Sample
  - LambdaTest/cucumber-selenium-hyperexecute-sample
  - LayMui/serenityJS-cucumber-wedriverio
  - LayMui/ultimateQA
  - LeafPages/LeafTapsAutomation
  - LearnByBhanuPratap/cucumberSeleniumFramework
  - LeenaPrem/cucumber-assignment
  - LeoYCode/ExampleCucumberDI
  - Ma-Vin/de.ma_vin.ape.users
  - Mamun104/Selenium_Cucumber_Google_Gmail_Signup
  - Mamun104/cucumber-selenium-framework
  - Marketionist/testcafe-cucumber-steps
  - Marva27/CucumberTestNGFramework
  - MelihDemirtel/LinkedinCucumberProject
  - MervinDiazLugo/Selenium.Cucumber.BaseFramework
  - MicroFocus/octane-cucumber-jvm
  - Mihirirj/Mihirirj-Selenium_Cucumber-Java-BDD-FrameWork
  - MininoxD/typescript-ddd-core-example
  - MireilleBF/cucumber-demo
  - MiroslavRusev/cuppet
  - MohabMohie/SaudiDigitalAcademyCucumber
  - MuhtarMahmut/Cucumber_FrameWork01
  - MyloRii/cucumber-java11-selenide-tests
  - MyloRii/cucumber-reportportal
  - MyloRii/cucumber-spring-di-example
  - MyloRii/regres-api-autotests
  - NetoSiqueira/desafio-cucumber
  - NidaYucedal/AppiumCucumber
  - NightCodeLabs/pretzel-example
  - NoraUi/NoraUi
  - NoushinB/Appium-Calculator-Test-Automation
  - NoushinB/LoginTest
  - NoushinB/RestAssured-API-Testing
  - NoushinB/Selenium-WebDriver-Java-Testing-Example
  - NuriOzturk/Magento-Cucumber-Project
  - NuriOzturk/Para-Bank-Project_Cucumber
  - OctopusDeploy/WebDriverTraining
  - Omega-Test/SimpleCucumberProj
  - Ozleblebici/ApiRestServiceTestingExercise
  - Ozleblebici/Zerobank_SeleniumCucumber_Automation
  - Padmajak21/cucumber.restassured
  - PashaBarahimi/Software-Testing-Course-Projects
  - PietroSassone/selenium-ta-demo
  - PouyaRezvanii/cucumber_db_teb
  - PrateekAnand-code/BDD-Test-Framework
  - Pratik-2/AutomationPractice
  - PraveenGNair/jacoco-multi-module-sample
  - PravinJunghare/Cucumber-project
  - PublioElio/selenium-cucumber-BDD
  - QaBound/spring-cucumber-test-framework
  - Qanitinsingh/LearnCucumber
  - Radhika2418/cucumber-js
  - Raghav-Pal/CucumberBDDCMD
  - Raghav-Pal/SeleniumCucumberBDD
  - Ragul-Dhandapani/BDD-Cucumber-Allure-Gradle
  - Rahaf-Eid/restAssuredCucumber
  - RajaRam-Kannuri/ENTERPRISE_CUCUMBER_AUTOMATION_FRAMEWORK
  - RamachandranGomathinayagam/LeafTapsAutomation
  - RaymondMouthaan/allure-cucumber
  - RedFroggy/spring-cucumber-rest-api
  - Rezrazi/foo-cucumber
  - Rhoynar/qa-automation
  - RoRoche/AndroidTestingBox
  - RohithReacts/cucumber
  - Rupampromact/AmazonAutomationLoginPage
  - SantiagoPadilla/SeleniumTypeScript
  - Saurabhrck/Protractor_Cucumber
  - SelenDilek/DemoWeb_CucumberProject
  - SenaYcdl/AppiumCucumberProject
  - ShanCodeWay/ITQA_Assignment_Group_41
  - Simon-Kaz/AppiumSpringCucumber
  - Skarlet03/office_hour_cucumber_project
  - SmartBear/cucumber-jvm-zephyr-xml
  - SmartBear/zephyr-scale-cucumber-integration-example
  - Sonal0409/ATE-Phase2-PhaseEndProj-Cucumberect-
  - SondosAlgyed/SeleniumFramework
  - Spain-It/cucumberPractice
  - Specialize-Automation/CucumberTutorial
  - SrinivasanTarget/AppiumCucumber
  - SrinivasanTarget/Cucumber_Appium
  - StevenMedinaBatista/app_webdriver.io_android
  - Stoeoeoe/flowable-cucumber
  - SuffolkLITLab/ALKiln
  - SuleymanKirkil/cucumber_sda_2025
  - SunsetFi/secrethistories-cucumber
  - SyntaxTechnologies/CucumberFrameWorkReviewBatch14
  - SyntaxTechnologies/CucumberReviewB12
  - SyntaxTechnologies/cucumberFrameWorkReview
  - SyntaxTechnologies/cucumberReview
  - SyntaxTechnologies/cucumberReviewB13
  - TC117/Cypess-Cucumber
  - TarekMebrouk/spring-cucumber-test
  - TechPrimers/jenkins-pipeline-cucumber-example
  - TestLeafInc/TestLeafSeleniumTraining
  - TestLeafInc/UiBank
  - TestMonkeys/cucumber-spring-logback
  - TestMonkeys/cucumber2-runner
  - TheKiddos/faith
  - Thommyg5/Appium-Testng-Cucumber-Calculator-Demo
  - TomasHampl/cucumber-seleniumgrid-skeleton
  - Tommac89/simple-jvm-cucumber
  - Tricentis-SA/cucumber_java
  - TugayUzumcu/PlaywrightCucumber
  - TugbaKilic33/ParaBankCucumberProject
  - TugbaKilic33/TechnoStudy-BDD-Automation
  - TurgayD34/EU3CucumberSelenium
  - UKHomeOffice/hocs-serenity-automation
  - Ulrikop/cucumber-7
  - VikramNaik26/Selenium-Testing
  - VinayKumarBM/API-Cucumber
  - VinayKumarBM/Serenity-Sample
  - VladimirSimonovski1/Selenium_Cucumber_Tests
  - VrushaliDudhane/BDD_UsingCucumberAndPOM
  - WarrenLin/CucumberSample
  - Xceptance/neodymium-cucumber-example
  - Xray-App/tutorial-js-webdriverio-cucumber
  - YakovL/synpress-cucumber
  - Yaowenjie/Cucumber-Demo
  - Yigit-Cam/MagentoCucumberProject
  - Yigit-Cam/ParaBankCucumberProject
  - ZVasif/Cucumber_Staj_Project
  - Zarina92c/LibraryApplicationCucumberProject
  - Zikri578/QA-Cucumber
  - a11n/android-cucumber-espresso
  - aatwi/GildedRose-BDD
  - ab054/cucumberJava
  - abayramus/cucumber-framework-template
  - abelmmt/cucumberCalculator
  - abhishek8908/cucumber-v4-example
  - abhishekkadavil/RestAssured-Cucumber-Hybrid-Framework
  - abhishekkadavil/Selenium4-Cucumber-Hybrid-Framework
  - aboviq/bun-test-cucumber
  - abroer/cucumber-integration-test
  - achmadns/cucumber-spring-example
  - adamopoulosa1980/selenium-cucumber-test
  - adamvinicius/aulaoCucumberJS
  - adg08101/class_2_selenium_cucumber_POM_BDD
  - afsarali273/AutomationPracticeSite-WebDriverio-Cucumber
  - afsarali273/GovTechAssignment
  - agonzales411/ariel-lab-5-mod-3-cucumber
  - ahmedmaged0a/SwagLabs_Demo
  - ahsanasha/OrangeHrmLive
  - ajibadeabd/Typescript-cucumber-tests
  - ak-arsalan/Cucumber-Java-Framework-for-Beginners
  - akashdktyagi/AutomationPoCCucumber
  - akashdktyagi/CucumberAPIAutomation
  - akashdktyagi/cucumber-selenium-fw
  - akashdktyagi/test-framework-template-with-cucumber-testng
  - aktibaba/cypress-cucumber-framework
  - akyyev/ZeroBankCucumber
  - alexcandidos/Resultados-tse
  - alexej-strelzow/testcafe-cucumber-typescript
  - alexrochas/cucumber-jvm-poc
  - alexvictoor/pitest-cucumber-plugin
  - allure-examples/allure-cucumber5-junit4-maven
  - allure-examples/allure-cucumber5-testng-gradle
  - allure-examples/cucumberjvm-junit4-maven
  - allure-examples/cucumberjvm-testng-maven
  - allure-framework/allure-cucumberjvm
  - almarsimon/spring-boot-rest-cucumber
  - alspcic/cucumber
  - aluedeke/cucumber-jvm-example
  - amalsgit/restassured-serenitybdd-junit-cucumber
  - amalv/typescript-cucumber-bdd
  - amiya-pattnaik/selenium-cucumber-java
  - anair-it/drools-cucumber
  - anandavii/ecommAutomation
  - anarissoy/TryCloud_Project_Cucumber
  - andgerashchenko/VyTrackAutomation_cucumber_project
  - andredesousa/spring-cucumber-mockserver
  - andrewwh/cucumber-starter
  - andytheqaguy/SimpleBooksAPITesting
  - angiejones/restassured-with-cucumber-demo
  - anhtester/AutomationFrameworkCucumberTestNG
  - anildhiman88/restAssured-BDD-automation
  - anilhorasan/Automation-Test-CI_CD
  - anilthota26/Cucumber-Java-Selenium
  - ankithakur011/Cucumber_Framework
  - anonymax25/cucumber-typescript-example
  - apickli/apickli
  - applitools/workshop-applitools-se-java-cuke
  - aqib1/Revolut_Task
  - arafkarsh/ms-test-quickstart
  - aravind12c/parlleltestCucumber
  - arbiminanda19/appium-cucumber-cicle-staging
  - arbiminanda19/appium-cucumber-wdioapp-android-ios
  - archfirst/java-cucumber-template
  - ariellsantos/cucumber_post
  - arisfatahillah/cucumber-webdriverio
  - arnaud-dezandee/cucumber-mink
  - arnosthavelka/junit-poc
  - artinalbert/cucumber-in-loop-minimum-viable-example
  - ashenwgt/awesome-bdd-with-cucumber
  - asifapasha/EcommerceWebAutomation
  - askeyid/CucumberSeleniumTS
  - atSistemas/techday-7
  - atishn/Selenium-cucumber-with-Spring
  - aurelien-reeves/cucumber-js-esm-example
  - av1v3k/learn-cucumber
  - aws-samples/aws-cdk-pipelines-cucumber-bdd
  - aws-samples/aws-device-farm-appium-cucumber-tests-for-sample-app
  - bach-tran/intro-to-cucumber
  - baento/tsflow
  - baleola/agify-cucumber
  - bazylMN/cucumber-java-spring
  - bazylMN/cucumber-java-webdriver-manager
  - bbuddies/bbuddy-cucumber-jvm-lseg
  - bcarun/cucumber-samples
  - bdd-in-action/chapter-12-flying-high-cucumber
  - belfaqir/wdio-cucumber
  - benweese/Java_Automation
  - bhecquet/seleniumRobot
  - bilallgunaydin/Register_Training_With_Cucumber
  - bitcoder/cucumber-java-calc
  - bley-gold/Cucumber-and-JUnit-Test-Automation
  - bobbyecho/wdio-serenityjs-cucumber-saucelabs
  - boris-t/Selenide-cucumber-allure
  - borisskert/springboot-cucumber-wiremock-example
  - bouslimi/selenium-cucumber-junit
  - browserstack/cucumber-java-browserstack
  - browserstack/cucumber-js-browserstack
  - bulutluoz/Bilgeadam_API_Cucumber_Winter2024
  - busebozkurtt/imdb-ui-test
  - byKosta/MavenAndTestNG
  - cadmiumkitty/cucumber-jmeter-r-integration
  - callmencah/Selenium-Junit_Cucumber
  - callnirajgupta/CucumberSelenium
  - cap-js-community/cds-cucumber
  - carlosvagnoni/JavaSeleniumCucumber
  - cedaniel200/appium-screenplay-pageobject
  - cedaniel200/example-of-Screenplay-Rest-and-SOAP
  - cedaniel200/screenplay-google-translate
  - cedaniel200/screenplay-starc
  - cedaniel200/screenplay-windows-application-driver
  - cgjangid/selenium-cucumber-jvm-testNG-pom-bdd
  - chaminda204/bdd-cucumber
  - cheetirala/bankingapptests
  - chenpeng9/cucumber-java
  - chiragkhimani/devx-fall-2022-cucumber-framework
  - cihat-kose/zerobank-selenium-cucumber-ui-test-automation
  - cipivanov/serenity-screenplay-pattern
  - cjmarkham/Gherklin
  - clovisolivier/api-cucumber-java
  - cmccarthyIrl/spring-cucumber-appium
  - cmccarthyIrl/spring-cucumber-junit-parallel-test-harness
  - cmccarthyIrl/spring-cucumber-serenity-test-harness
  - cmccarthyIrl/spring-cucumber-testng-parallel-test-harness
  - codingstones/cucumber-java
  - codoid-repos/cucumber-di-example
  - connor-hitchcock/Leftovers-The-Ecommerce-Food-Web-App
  - copeautomation/wdio-cucumber-e2e-test
  - cronn/cucumber-junit5-example
  - crs1138/cucumber-shouty
  - ctco/cukes
  - cucumber-attic/cucumber-jvm-gosu
  - cucumber-attic/cucumber-jvm-jython
  - cucumber-examples/shouty.js
  - cucumber-ltd/cucumber-school-java
  - cucumber/cucumber-eclipse
  - cucumber/cucumber-electron
  - cucumber/cucumber-java-skeleton
  - cucumber/cucumber-js
  - cucumber/cucumber-json-converter
  - cucumber/cucumber-jvm
  - cucumber/cucumber-jvm-groovy
  - cucumber/fake-cucumber
  - cucumber/screenplay.js.examples
  - cvenkatreddy/restassured-serenity-cucumber
  - czeczotka/cucumber-jvm-maven
  - czeczotka/cucumber-jvm-regex
  - dabogee/com.dabogee.io.cucumber.rerun-poc
  - daropotter/cucumber-js-demo
  - davidjgoss/cucumber-puppeteer-typescript-starter
  - deblockt/cucumber-datatable-to-bean-mapping
  - deblockt/cucumber-report-annotations-action
  - depapp/pusakatest
  - dev-madhurendra/bdd-cucumber
  - dev-wahyuinc/wahyuinc-serenity-js-cucumber-webdriverio-template
  - dev9com/cucumber-java-selenium-example
  - dezlearn/dezinnia-cucumber
  - dhil0325/java-cucumber-web-master
  - dilankadon/AppiumCrossPlatformIosAndroid
  - dilshan5/ttaf-ui-intive
  - dimazelinskyi/jacoco-coverage-cucumber-unit-tests
  - dionisggr/saucedemo
  - dkowis/Cucumber-JVM-Example
  - dkowis/cucumber-jvm-hybrid-example
  - dmytro-ch21/Selenium-Cucumber-Demo-Framework
  - doamaral/api-testing-cucumber
  - doansontung1986/RestAssuredCucumberParallel
  - dodie/cucumber-gifreporter-experiment
  - donesvad/java-ui-test-github
  - dongoloid/selenium-stream-lambda
  - dougnoel/sentinel
  - dtacademyb8/duotify-cucumber-bdd-framework
  - dwikifadhilah/Cucumber-Selenium-Java-Test
  - dyasinaroglan/CucumberWorking
  - e2cabral/boilerplate-lambda-jest-cucumber
  - eccanto/base-cucumber-selenium-java
  - eddiejaoude/video-tdd-api-pactumjs-cucumber
  - edibImamovic/SeleniumWithCucumber
  - edmundackah/puppeteer-bdd-poc
  - einnor/gherkin-demo
  - ekim197711/springboot-cucumber
  - el-ser/cucumber-pactum
  - emmasuzuki/CucumberEspressoDemo
  - emrahaktepe/BriteERP_Project
  - emreduman3146/05_CucumberSelenium
  - emrtnm/TestMersys
  - emrtnm/cucumber-automation-framework
  - erlevren/Cucumber_AutomationExercises
  - eroshenkoam/allure-cucumberjs
  - erukulamadhubugtester/MYJ-Cucumber-Selenium-TS-Full-StackAutomation-E2E-
  - estefafdez/selenium-cucumber
  - euroTech-sdet/batch3-CucumberSelenium
  - excellentdrums/Cucumber-JVM-Spring-MVC-Test-HTMLUnit-Demo
  - executeautomation/Cucumber-jvm
  - executeautomation/SeleniumGitHubActions
  - explosivose/cucumber-example-ts-node-react
  - extent-framework/extentreports-cucumber2-adapter
  - extent-framework/extentreports-cucumber4-adapter
  - extrawest/BDD-Charge-Point-Tester-via-OCPP-J-
  - extrawest/bdd_ocpi_2.2.1_emsp
  - farukyucel5/Arabam.comTestCasesWithCucumber
  - farukyucel5/FacebookLoginFunctionalityWithCucumberJava
  - farukyucel5/TestiniomTrelloCucumberApiCaseStudy
  - filland/social-network-java-spring-wiremock-cucumber-e2e-test
  - firagapratama/LoginAutomationTDD
  - florinungur/RCNIT
  - fmarinoa/cucumber-api-testing
  - formentor-studio/dapp-auction-with-bdd-cucumber
  - foysal619/Login-Module-Automation-Selenium-Cucumber
  - francislainy/cucumber-spring-boilerplate
  - freeautomationlearning/RestAssurredCucumber
  - fslev/cucumber-jutils
  - gabrielstar/cucumber
  - gauravkarvir/cucumber_testng_java
  - gdautoqa/playwright-ui-bdd-cucumber
  - gftf2011/clean-node-file-uploader-api-js
  - gherkin-by-example/java-cucumber
  - ghoosiafatima/cucumber
  - ghoshasish99/Appium-Cucumber-Browserstack
  - ghoshasish99/Appium-Cucumber-RWD-BrowserStack
  - ghoshasish99/Cucumber-Docker-AzureDevOps
  - ghoshasish99/Selenium-Cucumber-Moon
  - ghoshasish99/SerenityRestAssured
  - gingeleski/cucumber-spring-security-tests
  - gingeleski/helloworld-cucumber-java-gradle
  - girisharathod/cinema-with-cucumber
  - githsem/AutomationExercise_API_Testing
  - githubvin/CucumberWorkout
  - globalworming/cucumber-js-starter
  - gopyyn/Salad
  - goverdhan406/WDIO_CucumberTS
  - govind1072/cucumber-demo
  - grasshopper7/cuke-di
  - grasshopper7/cuke4-parameter-datatable
  - grasshopper7/cuke4junitparallel
  - grasshopper7/cuke4testngparallel
  - grasshopper7/cuke5-migrate
  - grasshopper7/extentreports-cucumber5-adapter
  - grasshopper7/extentreports-cucumber6-adapter
  - grasshopper7/junitcuke4sharedwebdriver
  - grasshopper7/testngcuke4sharedwebdriver
  - gsumit1/CucumberBDD
  - gulammustufa/AutomationTestingBaseFramework
  - gunesmes/selenium-cucumber-java
  - gunzpro21/SeleniumCucumberJunit
  - gurudattgd04/cucumber-setup
  - hakankara75/Appium_Cucumber
  - hamzayilmaz2021/HypnotesCucumber
  - hans-marquez-globant/screenplay-cucumber
  - hanykhalil/cucumberTemplate
  - harigithub1/PlaywrightCucumber
  - harita-R/Nightwatch-and-Cucumber
  - haticedagli/wingie-QA-case-study
  - hdmsantander/nodejs-cucumber-apimocker-example
  - hdorgeval/cucumber7-ts-starter
  - heziofernandes/simple-project-cucumber
  - himanshuarora05/serenity-rest-starter
  - hiroksarker/UI_Automation
  - hmcts/befta-fw
  - hoangthach252/Cucumber7JUnit5SelenideSpringGradle
  - hvanli/HrmsCucumberFramwork
  - hvanli/OrangeHrmCucumberFramework
  - hwurht/jbpm-cucumber-testing
  - iamkrishnagawade/playwright-cucumber-ts-e2e-boilerplate
  - igniteram/testng-cucumber
  - imademethink/imademethink_cucumber_reporting_masterthought
  - ingomohr/cucumber-example
  - inqa/bdd-appium-hybridapp-serenity
  - isabelleAtHashgraph/cucumber-tokens
  - islomar/payments-api
  - iso13/cucumber-appium
  - isorbon/Cucumber_MySQL_API
  - ivanwidyan/serenity-cucumber4-sample-project
  - ivars-p/cucumber-puppeteer
  - ivodimitrov/selenium-webdriver-java-practice
  - jadvani/cucumber-java-gradle
  - jaganduraisamy/RestAssured-BDD-Java
  - jagarzone6/appium-cucumber-parallel-template
  - jaheikki/cucumber-selenide-allure
  - janexner/puppeteer-site-infrastructure-tests
  - jasminnsrutter/Cucumber-Gherkin
  - java-automation/java-webdriver-cucumber
  - java-automation/java-webdriver-cucumber-2021
  - jecklgamis/cucumber-jvm-java-example
  - jennymarin1989/automation-with-selenium-ts-cucumber
  - jerseysu/java-cucumber-web-test
  - jhberges/cucumber-format-slf4j
  - joaovictorino/cleanarch-automated-tests
  - jomarnavarro/pepinazo
  - jonny561201/VendingMachineDockerJava
  - josdem/spring-boot-appium-jugoterapia
  - jrobertoq/Wdio-cucumber-e2e-test
  - jussaragranja/SeleniumEasyTest2
  - kalyangogineni/cucumber-java-xray-automation
  - kamil-nowocin/Test_Automation-automationpractice
  - karus-web/cucumber1-dt-main
  - kelkias44/BDD_with_cucumber
  - keshavjha06/SeleniumE2EProject
  - kevbradwick/cucumber-selenium-archetype
  - khaledmohsenmohammed/-Selenium-WebDriver-4-Cucumber-BDD
  - kingsleyh/cucumber-jvm-example
  - kirlionik/cucumber-allure-plugin-gradle-examples
  - kkalparslan/Api_Cucumber_Demoqa_Mine
  - kmandalusa/cucumber-test
  - kohli-harshit/leanft-cucumber-template
  - kowalcj0/cucumber-testng-parallel-selenium
  - krishnaraghavendra/SpringBoot-Tapestry-cucumber-selenium-testng
  - lamhotsiagian/api-web-cucumber
  - learnby23/Cucumber_Ecommerce
  - leeonky/jfactory-cucumber
  - levinine/functional-tests
  - log2jiten24/Serenity-Cucumber-Framework
  - luciemars/cucumber-java-selenium-webdriver-example
  - luiscarlosmarca/Selenium_Web_Automation
  - maalben/Automatizacion-full-services-restapi-Screenplay
  - maazahmedks/Selenium-Cucumber-TestNG-using-Java
  - machzqcq/CucumberJVMExamples
  - machzqcq/cucumber-jvm-template
  - machzqcq/cucumber-jvm_sample
  - mahmudurrahman-1/WebAutomation-Rokomari
  - mainfraame/cucumber-jest
  - makif44/selenium-junit-cucumber-project
  - manoharkamarushi/restAssuredCucumber
  - manoj9788/Cucumber-JVM-WebDriver-Template
  - manouti/cucumber-jvm-example
  - manukippes/Selenium-Cucumber
  - manv6/java-maven-spring-cucumber-selenium-allure
  - marcelobitt/tau_cucumber_js_google_search
  - marcelodebittencourt/JavaScript_Cucumber_TAU_ecommerce
  - marciovrl/selenium-cucumber-java
  - marcoturi/fastify-boilerplate
  - mariocairone/cucumbersome
  - martinschneider/justtestlah
  - matheus-beck/java-cucumber-selenium-wex
  - mattiasmgn/CucumberParallel
  - maxwell4real/raphaFramework
  - mayibee/protractor-cucumber
  - mdrasul/pntb3-mct-cucumber-automation
  - mechero/spring-boot-cucumber
  - mehmet-simsek-pg/CucumberProject
  - mehmet-simsek-pg/Cucumber_project
  - mehmetA58/CucumberSeleniumPracticeJenkins
  - mehmetbesli/N11CucumberProjectTA
  - merkurt2001/cydeo-cucumber-junit-project
  - mesthaharishs/Springboot-Cucumber-TestAutomationFramework
  - mfaisalkhatri/AmazonAppSample
  - mgandin/BDD-Clinic
  - mhmoudalaskalany/CucumberAutomationTesting
  - mikansc/cucumber-test
  - mikejramsey56/cucumber-testng-webdriver-automatictester
  - mindstix-labs/qa-automation-accelerator
  - mingderwang/cucumber7-ts-starter
  - minhhoangvn/carina-cucumber-test
  - ministryofjustice/hmpps-vsip-ui-tests
  - ministryofjustice/modernisation-platform-infrastructure-test
  - mishabhi/cucumber-spring-api-automation
  - mnizicqa/CucumberLogin
  - mnizicqa/Polovni-Automobili-Selenium-testing-using-Cucumber-and-Data-Driven-Testing
  - moonk1d/gradle_junit5_logback_cucumber_selenide_allure
  - moyu6027/spring-test-cucumber
  - mpinardi/cucumber-performance
  - mpkorstanje/cucumber-spring-boot-parallel
  - mpkorstanje/junit-platform-suite-demo
  - mqubbaj98/Cucumber_Selenoid_1
  - mrfurrypants/Test_Framework_for_Fullstack-TodoApp
  - mszeles/rest-api-automation
  - muhammet-mucahit/Java-Tutorials
  - muralco/pickled-cucumber
  - mytechnotalent/JTF
  - n3n/hasura-cucumber-test
  - narasimhavuppala/bdd-cucumber-java-demos
  - narottamgla/selenium-bdd-cucumber
  - narottamgla/selenium-cucumber4-demo
  - natritmeyer/cucumber-jvm-dependency-injection-with-spring
  - naveenanimation20/Cucumber6LatestFeatures
  - naveenanimation20/Cucumber7.xTestNGLatestPOC
  - naveenanimation20/CucumberSeleniumFramework
  - naveenanimation20/LatestCucumber6WithPOM
  - necati-ozdemir/calculator-end-to-end-test
  - neiltorrentira/SeleniumCucumberMavenJava
  - nicolas-sicard-adeo/cucumber-example
  - nightwatchjs-community/cucumber-nightwatch
  - nightwatchjs/cucumberjs-boilerplate
  - nnson0310/phptravel_cucumberjs_automation_framework
  - odjhey/example-setup-cucumber-with-ts
  - oliverwehrens/cucumber-jvm-demo
  - omerozdemir72/Youtube-Cucumber
  - omniverse-labs/microservices-java-rabbitmq
  - omprakashchavan01/appium-cucumberbdd
  - omprakashchavan01/appium-cucumberbdd-testng
  - omprakashchavan01/cucumberbdd
  - ortoniKC/Cucumber-2022-letcode
  - osman-akdag/Amazon-Cucumber-Test-Project
  - osvaldjr/easy-cucumber
  - ovcharski/cucumber-playwright
  - owncloud/ios-scenario-testing
  - ozgurkayaist/BDDCucumberSeleniumWebTest
  - pactumjs/pactum-cucumber-boilerplate
  - pansinm/cucumber-jest-mock-sample
  - partnet/seauto-cucumber-sample
  - patebija/sample-cucumber-testng
  - pavanoltraining/CucumberSDETProject
  - peacebytes/selenium-cucumber-java
  - perty/bdd-kata
  - petervw-qa/Cucumber-FTSE100-Index
  - phasza/cucumber-wiremock-example
  - phoebusliang/java-cucumber-automation
  - phystem/cucumber-allure
  - pichai-t/OpenWeatherMap-RestAssured
  - prashant-ramcharan/courgette-jvm-spring-example
  - predrag-popovic/AutomatedBaseExample
  - prit-misik/api-and-ui-automation
  - priyankshah217/SeleniumCucumberAutomation
  - prnbtr09/bdd-cucumber
  - propardhu/Cucumber_Selenium_POC
  - protractor-cucumber-framework/protractor-cucumber-framework
  - ptschool/PrimetechCucumberFramework
  - qaa-demo/cucumber-selenium-js
  - qaf-tm/qaf-cucumber
  - qase-tms/qase-cucumberjs
  - qateksolutions/albany-cucumber
  - qavajs/console-formatter
  - qavajs/cypress-runner-adapter
  - qavajs/html-formatter
  - qpcio/cucumberExample
  - quarkiverse/quarkus-cucumber
  - qza/bdd-cucumber-jvm-spring
  - racchouhan12/AppiumAutomation
  - racchouhan12/SeleniumCucumber5
  - radu-ghetu/selenium-java-demo
  - rahulrathore44/SeleniumWebdriverWithCucumber-io
  - rajatt95/MasterAppiumFramework_BDD
  - rajatt95/MasterSeleniumFramework_BDD
  - rajesha2016/cucumber-jvm-masterthought-reporting
  - rakeshmishra36/CucumberBDD
  - ralphkjones/CucumberSikuliSlides
  - rapaul/cukejvm-spike
  - raynanmiranda/Automation_CucumberTest_BDD_Java
  - rbiedrawa/spring-boot-acceptanceTests-cucumber-demo
  - rdammkoehler/CucumberJVM-Demo
  - rdlopes/demo-cucumber-junit5
  - renapyron/warrens-cucumber
  - renuka2593/selenium_cucumber_framework
  - reportportal/agent-java-cucumber
  - reportportal/agent-java-cucumber4
  - reportportal/agent-java-cucumber6
  - reportportal/example-cucumber-junit-selenium-logback-maven
  - reportportal/examples-java
  - rftbtr/Magento-Project-With-Cucumber
  - rftbtr/ParaBANK-Project-With-Cucumber
  - rickdgeerling/nest-cucumber
  - ridha-boulares/cucumberjs
  - riteshGM/SerenityCucumberRestAssured
  - rlupo06/java-cucumber-selenium
  - rmpestano/cukedoctor
  - roddy/drools-and-cucumber
  - rojhatzengin/RestAssuredWithCucumber
  - romasecure84/CucumberFrameworkDersleri
  - romasecure84/CucumberLessons
  - rsmivb/cucumber-js-tutorial
  - rubenjgarcia/cucumber-rest-steps
  - rudyaditya/cucumberAllureSample
  - rusakovichma/dvwa-bdd-security
  - s-santhoshkumar-sabarinathan/Automation
  - sachin-s-joshi/wdio-tests
  - safegade/toBeDeleted2
  - sahajamit/cucumber-jvm-testng-integration
  - saitam91/UI-Test-Amazon-Java-Cucumber-Selenium
  - sampath04141/BDDSampleProject
  - sandrajaimes/boilerplate-selenium-webdriver-cucumber
  - sandrocaseiro/java-spring-api
  - sanketparopate/cucumber-jvm-parallel-features-plugin
  - sauce-archives/Java-CucumberJVM-JUnit-Selenium
  - savkk/cucumber-junit5-example
  - savula52/cucumberpractice
  - sb-y-nakashima/typescript-cucumber-bdd-demo
  - scormaq/cucumber4-parallel-logger
  - scormaq/gradle-serenity-cucumber-forking
  - sdetAutomation/cucumber-selenium-java
  - seanfrenzel/java-gradle-selenium-cucumber-parallel-skeleton
  - seanfrenzel/java-selenium-cucumber-appium-skeleton
  - sebaslogen/CleanGUITestArchitecture
  - selcukes/selcukes-java
  - selcukes/selcukes-java-skeleton
  - selenide-examples/cucumber
  - semihcaglarr/Trendyol_Selenium_Cucumber_Task
  - serenity-bdd/serenity-cucumber
  - serenity-bdd/serenity-cucumber-page-objects-starter
  - serenity-bdd/serenity-cucumber-starter
  - serenity-bdd/serenity-cucumber4
  - serenity-bdd/serenity-cucumber4-starter
  - serenity-bdd/serenity-cucumber5
  - serenity-bdd/serenity-cucumber5-starter
  - serenity-bdd/serenity-cucumber6
  - serenity-dojo/caffeinate-me
  - serenity-dojo/swaglabs-serenity-cucumber
  - serenity-js/protractor-cucumber-framework-demo
  - serenity-js/serenity-js-cucumber-protractor-template
  - serenity-js/serenity-js-cucumber-template
  - serenity-js/serenity-js-cucumber-webdriverio-template
  - shahbaz844/Selenium-cucumber-with-typescript
  - shahnawazm786/DemoCucumber
  - shaikuba/bdd-cucumber-examples
  - shankar1303/Typescript-Cucumber
  - shankybnl/selenium_BDD_framework
  - sharful-umair/API-Automation
  - sherar/serenity-webdriver-cucumber-google
  - shivakiran1990/selenium-cucumber-typescript
  - shivam201/Cucumber_Maven_Java
  - shivaprakashpokala/CucumberFramework
  - shoomakov/allure-cucumberjs
  - shreyas18jan/CucumberFrameworkExample
  - shrinidhimanchi/cucumber-api-automation
  - shukrani/Cucumber-Java-Extent-Example
  - silicona/api-cucumber
  - sitture/cucumber-jvm-extentreport
  - sncsrivalli/CucumberWCSA3
  - sneufeind/hexagonal-architecture-example-java
  - software-testing-bootcamp/java-appium-cucumber-ios
  - sonalika03/Cucumber_Skeleton
  - sonnymills/java-cucumber-training
  - sorin-costea/bdd
  - sorosz89/cucumber-vscode-support
  - sreenigsd/cheetah
  - sridharbandi/Selenium-Cucumber-Junit-Template
  - sridharbandi/cucumber-dt
  - sritaj/Automation_FW_API_RestAssured
  - sseenivasan89/Cucumber4-With-POM
  - stadnik602/MavenCucumberSelenideJunit
  - suciista/allure-cucumber-testng
  - sunil-samuel/BRMS-Rules-KJar
  - survepravin/blazestore-qa-web-test
  - survepravin/petstore-qa-api-test
  - swatz18/BlissPads_Automation
  - swetha-jb/cucumber-test
  - technocreatives/cool-cucumber
  - tekinahmet/team03_cucumberProject
  - telekom/bdd-web-app
  - telekom/testerra-cucumber-connector
  - temyers/cucumber-jvm-parallel-plugin
  - teosoph/cypress-cucumber___telnyx.com
  - terencetcf/cucumberjs-typescript-example
  - testomatio/check-cucumber
  - the-creative-tester/rest-assured-api-testing-example
  - the-sdet/appium-cucumber-junit4-mobile-automation-framework
  - the-sdet/appium-cucumber-junit5-mobile-automation-framework
  - thePantz/serenitybdd-cucumber-multidevice
  - thevarselvakumar/Cucumber-Framework
  - thinessGit/apicucumbertest
  - thucydides-webtests/thucydides-cucumber
  - tigran201198/learnit_cucumber_bdd
  - tim-yao/cucumber-nightwatch
  - timjroberts/cucumber-js-tsflow
  - tkgregory/cucumber-multi-launcher
  - tlm2c09/Selenium-Using-Java-And-Cucumber
  - tolgonais/CucumberStudyMate
  - tomasz-wilk/SeleniumCucumberGuice
  - tonux/cucumber-spring-boot
  - tranvannhatnam97/PlaywrightCucumber
  - tristanmccarthy/Cucumber-JVM-Parallel
  - trivago/cucable-plugin
  - trungkien681989/cucumber-bdd
  - trungkien681989/cypress-v9-cucumber-preprocessor
  - tsundberg/cucumber-examples
  - tuantran6698/Cucumber
  - tugceakyol1/AcibademProject
  - tvarchive/AppiumCucumberDemo
  - tychobrailleur/cucumber-jvm-examples
  - ukrvassabi/serenity-bdd-test
  - umangbhatia786/Selenium
  - underc0delabs/Autoc0de-WEB
  - unexist/showcase-acceptance-testing-quarkus
  - uo9qsuf/cucumber-test
  - upex-galaxy/seleniumjava-template-gx
  - upgundecha/jagacy-cucumber-bdd-example
  - vamsidarbhamulla/cucumber-testng-rest-assured
  - vamsidarbhamulla/serenity-cucumber-bdd-screenplay
  - veepee-oss/gingerspec
  - veeresh-bikkaneti/cucumberBDDParallel
  - vetalredrok/wdion-cucumber
  - vibssingh/AllureReport_Cucumber_JUnit4
  - vibssingh/Page-Object-Model-with-Cucumber-Selenium-and-TestNG
  - vikramvi/appium-cucumber-poc
  - vikramvi/serenity-cucumber-wl
  - vincemtnz/miniature-waffle
  - vinjatovix/ts-api
  - vitaly-kashtalyan/cucumber-selenide-allure2
  - vivekg13186/cucumber-camunda-js
  - vlsidlyarevich/JUnit-example
  - vondacho/arch-blueprint-java
  - vtimonov/cucumberjs-parallel
  - vznd/cucumber-selenium-tests
  - waheedahmed55/selenium-cucumber
  - waqaszulfiqar/bdd_cucumber_puppeteer
  - webdriverio-community/wdio-rerun-service
  - wenqiglantz/customer-service
  - wernerthiago/js_cucumber_appium
  - widyaryn/12febcucumber
  - wireapp/picklejar-engine
  - wisnuwm/automation-bdd-tokped
  - wittman26/cucumbertsbasics
  - wjpowell/cucumber-jvm-jms-example
  - x-eight/BDD-cucumber
  - xjc90s/cucumber7-ts-starter
  - yahia-salah/selenium_cucumber_js
  - yatskevich/cucumber-jvm-gradle-javaexec
  - yazidisme/selenium-cucumber-framework
  - yazidisme/selenium-cucumber-page-object-example
  - youvegotnigel/cucmber-java-testng-saucelabs
  - yrvvan/automation-api-cucumber-ci
  - yuvrajchavale/Real-Time-Cucumber-Project-
  - yyusuffbudakk/cydeo_cucumber-junit
  - yyzahran/SeleniumFrameworkUsingJava
  - zaferatakli/E-JunkieDemoShopProject_Cucumber
  - zaferatakli/MagentoCucumber_Project
  - zaferatakli/ParaBankCucumberProject
  - zaferatakli/TechnoStudyProject_Cucumber
  - zakgrant/jersey-cucumber
  - zebrunner/carina-cucumber
  - zeinmuhammad25/Automation-With-Cucumber-On-Website-Sauce-Demo
  - zenoyu/java-maven-cucumber-selenium
  - znsio/teswiz
  - zodgevaibhav/cucumber-selenium-framework

DROPPED: no GitHub Actions workflows (141):
  - 70RR3S/playwright-cucumber-api-e2e-tests
  - AbrahamPractice/playwright-cucumber
  - AdnanVanni/Playwrightcucumber
  - AndriiFrolov/playwright-cucumber
  - Arevka22/Cucumber_1
  - Automated-Test-Lab/playwright-typescript-cucumber
  - Cristi-Fogel/playwright_cucumber1
  - DavidTrejos/CucumberLoginTest
  - Dimitar-Stojanovski/playwright-cucumber
  - Divyadharshini17/Playwright-cucumber
  - EugenePetrik/cucumber-playwright
  - Furkan9528/Tripadvisor-Testinium
  - Hemant-Jharbade/Playwright_Cucumber
  - JeanColonia/playwright-challenge
  - JosefRichie13/CucumberJSPlaywright
  - Jvaddepally1/Playwright-Cucumber-Exercise-Jyothi
  - KajetanJedrych/Playwright-Cucumber
  - KarimBlg/playwright_cucumber
  - KnowitRobertFred/pw-cucumber
  - MahmudulHasan/EcommercePlaywright
  - MarappPrashanth/Cucumber-Playwright
  - MarkoKerma/PlaywrightCucumber
  - Max1irst/Playwright-cucumber-TS
  - MichaelAlba131/java_playwright_api
  - Night-G/cucumberTypeScript
  - Nilendra82/playwright-cucumber-ts-framework
  - OlivierWinsemius/playcumber
  - PradyumnaPal/PW_Cucumber_TS
  - PriyankaPoojari/playwright-cucumber-ui-automation-starter
  - PunnNopdanai7/cucumber-playwright-workshop
  - RogerRabbitMagnaCarta/playwrightv152-cucumber-ts
  - Santhis/playwrightCucumber
  - Shaiyz/Playwright-Cucumber
  - Software-Engineering-Assistantship/frontend-nextjs-ess
  - SumitMandloi123/CucumberFramework
  - Test-Architect/playwright-java-bdd-sample
  - TsayDev/JavaScript-Playwright-Cucumber
  - VigneshSrinivasaRaghavan/TestTribe_Playwright_Cucumber_Workshop_Mar2025
  - Vishnupv160/playwright_Javascript_v1.0
  - abdelnaby1/fwd_project
  - abhilashkot/playwright_cucumber-BDD-_typescript
  - adityapradanaa/playwright
  - akshayp7/playwright-java-cucumber
  - alejandrobettini6/playwright-cucumber
  - alupandin/playwrightDemoCucumber
  - alvitazwar/BDD-with-PlaywrightJs
  - ankita21gaikwad/playwright-cucumber
  - arbaaz100/cucumber-playwright
  - arifiandi/playwright-cucumber-playground
  - arslanyasin330/Playwright-cucumber
  - asyabhi/Playwright-Cucumber
  - batch2991/playwright_cucumber1
  - carizam/Playwright-cucumber-swaglabs
  - carlosvagnoni/typescript_playwright_cucumber
  - cepnif/playwright-test-automation
  - cesar1414/playwright-frameworkUIOnly
  - code-chimp/bdd-react-app
  - cosminCirstea/pw.ts.cuke
  - dajagtap4/playwright_Framework_With_CucumberBDD
  - dakotaJang/cucumber-playwright-typescript-starter
  - david2701palacios/playwrightCucumber
  - dayvid-d1/play-cucumber
  - denizbabayaka/Playwright-Cucumber-Java
  - devdesk1/PlaywrightCucumber
  - divyacodeprac/Cucumber_TS
  - douglaslb/playwright-cucumber
  - dshaplyko/pw-cucumber
  - durgac2012/Playwright-Cucumber-Exercise1
  - edzzh/Playwright-CucumberJS-TypeScript-E2E-Framework
  - elliot710/af-testing
  - emIsmaeel/Playwright-cucumber
  - emZubair/Playwright-cucumber
  - feeroz123/ES_Playwright_Demo
  - ftavilla/playwright-cucumber
  - gili1010/Framework-Thanos
  - grandEL-dsouza/playwright-cucumber-test-for-browserstack
  - hdorgeval/playwright-fluent-ts-cucumber7-starter
  - hickVieira/serverest-front-tests
  - iepoch/serenity-playwright-cucumber
  - iwalk-jo/bdd_cucumber_playwright
  - jamil2018/play-salad
  - janyangyuan/playground-cucumber
  - jdsmdev/cucumber-playwright
  - jijojose1691/playwright_cucumberjs_demo
  - jimmy-sr/playwright-cucumber-automation-framework
  - jmelton15/PlaywrightCucumber
  - jodial92/cucumber-playwright
  - jtacopt/cucumber_playwright_ts
  - katekarsi/Kate-repo
  - kwishna/playwright-cucumber
  - lankala321/PlaywrightCucumberTypescript
  - lloydchang/iso13-cucumber-playwright
  - ludmilanesvitiy/Playwright-Cucumber-POC
  - mailtoach79/cucumberpwjts
  - manueltarouca/cucumber-playground
  - masadaark/ts-cucumber-playwright
  - maxxy4real/Playwright
  - mcanererdem/Web-Driver-University-Otomations
  - mdbasheer333/cucumberjsvanila
  - mdbasheer333/cucumberpwjts
  - michu-ethnan/playwright-cucumber
  - monogkai/playwright-cucumber
  - mustafaskyer/cucumber_playwright
  - mvsaran/PlaywrightWithBDD
  - navanathjagtap/CucumberPlaywright
  - neiltorrentira/PlaywrightJavaBDDMaven
  - neoworx/playwright-cucumber
  - okamahardika/playwrigth-Cucumber
  - patrickhuijten/writing-product-proof-e2e-tests-with-cucumber-and-playwright
  - pawanuk/Playwright-cucumber
  - peachannoy/cucumber
  - pempekriting/playwright-cucumber
  - penzarmerchant/cucumber-Playwright
  - prasadhraghu47/playwrightFramework
  - priyagund/playwright-cucumber
  - ptech/cucumber-playwright-workshop
  - punyam/playwright-cucumber
  - rafo18/Playwright-cucumber
  - raptatinha/blog-playwright-bdd
  - ratnesh85/cucumber-playwright-typescript
  - ravichandra/playwright_cucumber
  - rlhardrock/Playwright-Cucumber
  - sandipchitale/cucumber-playwright
  - satchid/playwright-cucumber
  - seenav001/cucumberPlaywright
  - sethisandeepsethi/pw-cucumber
  - shettysudhird/scrambler-ui-test
  - shijithkannoth/Playwright_Cucumber
  - shrinidhimanchi/cucumber-playwright-automation
  - soni26pro/Playwright-CucumberJS-Automation
  - susnigdha1/PlaywrightTestAutomationFramework
  - taulinger/bdd-play
  - tdbaoquyen/SGW_Cucumber
  - testerncoder/e2e-automation-playwright-typescript-cucumber
  - tuananhkl/FirstAutomationTest
  - uaka/TestTaskForVention
  - vana84/CucumberWebPlaywright
  - victorvijay1210/Playwright_Cucumber_TS
  - vigneshonlinetutor/TestTribe_Playwright_Cucumber_Workshop_Aug2024
  - wavcita/cucumber
  - zhmajewska/playwright-cucumber

DROPPED: CI not verified passing (124):
  - AZANIR/Playwright_Cucumber_Allure
  - Adarsh2692/playwright-cucumber
  - AlexRiaboshapka/playwright-ts-cucumber
  - AlgorBerunDev/cucumber-playwright
  - Arungu/Playwright_Cucumber
  - Binhlex/playwright-cucumber
  - DiegoFBenavides/cucumber-playwright
  - ENEMBI/playwright_cucumber
  - ForsakenWing/GenericCucumber
  - HEEPOKE/playwright-cucumber
  - ISanjeevKumar/playwright-cucumber
  - Indra512/PlaywrightCucumberTypeScript
  - Ismaillduman/playwright-cucumber
  - JoanEsquivel/playwright-cucumber-starter
  - LayMui/todoMVC-using-serenityjs-playwright-cucumber
  - Luxe-Quality/playwright_cucumber_allure
  - Mani-QA/Playwright-Cucumber
  - MikeSkilbeck/playwright_cucumber_js
  - Myastr0/playwright-cucumber-template
  - NaveenChittimodu/Plawright_cucumber
  - NgocVo3112/playwright-cucumber
  - Pi-fe/Cucumber-playwright
  - Plakhota/cucumber-playwright
  - PrinceSoni83/playwright-cucumber-js-e2e-boilerplate
  - QuangTo/cucumber
  - SampathkvAutomation/cucumber-playwright
  - SiloEscaper/cucumber-playwright
  - VinayKumarBM/playwright-cucumber-sample
  - aasiamoqeem/PlaywrightCucumber
  - adamcegielka/playwright-cucumber-bdd-typescript
  - ahxansubhani/playwright-automation-framwork-BDD
  - akwasin/cucumber-playwright
  - alexsavio/cucumber-playwright
  - allure-cucumber-templates/cucumber-playwright-ts-allure
  - amankshah/PlaywrightCucumberBoilerplate
  - arjungangadharan007/CucumberBDD-Allure
  - athakur012/play-ts-cucumber
  - bekaarcoder/playwright-cucumber
  - benwaar/automated-testing
  - brignano/cucumber-playwright
  - bykgz/Playwright_Cucumber
  - chen-196-hub/e2e-scenario
  - cncoding101/test-automation-with-ppcc
  - codesworld/PlaywrightBDD
  - contactkkiran/playwrightCucumber
  - daihiep-citynow/playwright-cucumber
  - dannybarrientos/playwright-cucumber
  - daxone222/pwpoc
  - dco5scp/playwright-cucumber
  - dcodesdev/playwright-cucumber-tutorial
  - deekshith246/cucumber-Framework
  - dsaurabhc/Playwright-Cucumber-Framework
  - earvinnill/cucumber-playwright
  - elct9620/cucumber-playwright-example
  - erhanilgar/CucumberPlaywright
  - fedealdosivi/playwright-cucumber
  - generalui/getting-started-with-bdd
  - ghoshasish99/Playwright-Java-Cucumber
  - glkada/Cucumber-Playwright-BrowserStack
  - ilya-skapchuk/cucumber-playwright-test-typescript
  - janwerremeyer/playwright-cucumber
  - javicoin/cucumber-playwright-synpress
  - jcarek/cucumber-playwright
  - jeffnyman/playwright-cucumber
  - joheiss/cucumber-playwright
  - jorahood/cucumber-playwright
  - juan2three/Playwright
  - kavyashree-harsha/PlaywrightCucumber
  - kjetilk-kontali/cucumber-playwright
  - krishnapollu/playwright-cucumber-js
  - learn-automated-testing/cucumberjiraintegration
  - lifeisbeautifful/Cucumber
  - mailtogagan/cucumber-playwright-example
  - mandh-jayessh/jrmpw03
  - mdtaque/cucumber-playwright
  - mfamese/cucumber-playwright
  - mikementor/playwright-fluent-ts-cucumber7-starter
  - mpuertao/playwright-cucumber
  - mredzmi/playwright_cucumber
  - mrwaks/cucumber-playwright
  - myUltraCrew/cucumber-counter
  - nat-github/Playwright-Cucumber
  - nguyenvanduong6/playwright-with-cucumber
  - ortoniKC/Playwright_Cucumber_TS
  - panchalpiyush29/playwrightCucumberFrmwrk
  - paragrghoshal/PLAYWRIGHT_CUCUMBER
  - phileti/ec-cucumber
  - poorprogrammer/pw-cucumber
  - prachistudocu/cucumber-playwrite
  - qa-ali/playwright-cucumber
  - rama-kaushu2526/Playwright-Cucumber
  - ranjani-tech/playwright-cucumber-api-test
  - razvanccr/playwright-cucumber
  - regi-gouale/cucumber-playwright
  - reizero00/playwright-cucumber
  - rkidd123/cucumber-playwright
  - sandipchopkar95/Typescript_Playwright_BDD_CucumberRunner
  - santoshbachar/cucumber-playwright
  - sd576/Playwright_Cucumber
  - serenity-js/serenity-js-cucumber-playwright-template
  - shah2466/cucumber-playwrightTemplate
  - shahbaz844/Playwright-cucumber
  - shashanksharmaer104/letcode-playwright-ts-cucumber
  - sivanarayananv/my_first_cucumber_playwright_repo
  - snlopezlopez/playwright-cucumber
  - sridharbandi/playwright-cucumber
  - steerpike100/cucumber-playwright
  - steven-the-qa/cucumber-playwright
  - swapnil358/Playwright-cucumber-allure
  - terletski/okNotesPW
  - the-imraaan/Cucumber_with_Playwright
  - tullahnazari/cucumber-playwright
  - ugepriyokusumo/Playwright_Cucumber_Typescript
  - underc0delabs/Autoc0de-Hybrid
  - underc0delabs/Autoc0de-Web-Playwrigth
  - underc0delabs/Autoc0de-Web-Playwrigth-TestNG
  - upex-galaxy/playwright-cucumber
  - vijayravindran90/playwright-cucumber-bdd
  - vikuliyana/Playwright-Cucumber
  - vinaykumarvvs/sample-playwright-cucumber-framework
  - xjc90s/cucumber-playwright
  - yaffol/cucumber-playwright
  - yikerz/CucumberTestWithPlaywright
  - yvonnekw/contact-list-serenity-playwright

INCLUDED (26):
  - ARAVINDMS444/web-automation-playwright-cucumber-typescript
  - BrowserStackCE/playwright-cucumber-browserstack
  - FrankSantillan/ADT-Take-Home
  - HarshaVardhankema/CucumberPlaywrightTypescript
  - JakubRumpca/Cucumber-Store
  - ParthibanRajasekaran/playwright-cucumber
  - RashmiSandamini/Group_18_Cucumber_PW
  - Tallyb/cucumber-playwright
  - YevShch/Espresso-Addict-Playwright-Cucumber
  - Zstefanov/AE-Automation-TS-Playwright
  - ahmadmg/cucumberjs-playwright
  - automationExamples/Playwright-Cucumber-Exercise
  - chonglee30/Playwright-Cucumber
  - dntthuan064/playwright-bdd-project
  - eyupUK/playwright-cucumber-nft
  - ishansaini/playwright-dummy
  - karthikautomationtester/playwright-cucumber
  - marcoturi/react-redux-boilerplate
  - paul-chiggy/demo-e2e-testing-with-playwright-cucumber
  - qaPaschalE/playwright-cucumber-ts-steps
  - rogercopy/playwright-cucumber-TS-automation
  - rsksmart/e2e_dapps_automation
  - santoshkulkarni1986/playwright-cucumber-typescript-automation-framework
  - srinivasguda4444-wq/playwright-cucumber
  - vaidasian/playwright-cucumberjs
  - zbcjackson/cucumber-ai
